------------------------------------------------------------
Timing Analyzer Summary
------------------------------------------------------------

Type  : Slow 1100mV 85C Model Setup 'i_clk'
Slack : -1.480
TNS   : -45.539

Type  : Slow 1100mV 85C Model Hold 'i_clk'
Slack : 0.309
TNS   : 0.000

Type  : Slow 1100mV 85C Model Minimum Pulse Width 'i_clk'
Slack : -0.394
TNS   : -45.324

Type  : Slow 1100mV 0C Model Setup 'i_clk'
Slack : -1.600
TNS   : -45.393

Type  : Slow 1100mV 0C Model Hold 'i_clk'
Slack : 0.290
TNS   : 0.000

Type  : Slow 1100mV 0C Model Minimum Pulse Width 'i_clk'
Slack : -0.394
TNS   : -49.457

Type  : Fast 1100mV 85C Model Setup 'i_clk'
Slack : -0.334
TNS   : -5.318

Type  : Fast 1100mV 85C Model Hold 'i_clk'
Slack : 0.179
TNS   : 0.000

Type  : Fast 1100mV 85C Model Minimum Pulse Width 'i_clk'
Slack : -0.089
TNS   : -7.133

Type  : Fast 1100mV 0C Model Setup 'i_clk'
Slack : -0.305
TNS   : -3.670

Type  : Fast 1100mV 0C Model Hold 'i_clk'
Slack : 0.167
TNS   : 0.000

Type  : Fast 1100mV 0C Model Minimum Pulse Width 'i_clk'
Slack : -0.087
TNS   : -7.108

------------------------------------------------------------
